  ▲ Next.js 14.2.35
  - Local:        http://localhost:3456
  - Environments: .env.local

 ✓ Starting...
 ✓ Ready in 3470.8s
